node.exe : ts-jest[config] 
(WARN) 
At line:1 char:1
+ & "C:\Program 
Files\nodejs/node.exe" 
"C:\Program 
Files\nodejs/node_mo ...
+ ~~~~~~~~~~~~~~~~~~~~~~~~~~~
~~~~~~~~~~~~~~~~~~~~~~~~~~~~~
~~~~~~~~~~~~~
    + CategoryInfo          
: NotSpecified: 
(ts-jest[config] (WARN) 
:String) [], RemoteException
    + FullyQualifiedErrorId 
: NativeCommandError
 
    The "ts-jest" config 
option "isolatedModules" is 
deprecated and will be 
removed in v30.0.0. Please 
use "isolatedModules: true" 
in D:/Project/cli-droid/dot-e
mail-generator/tsconfig.test.
json instead, see https://www
.typescriptlang.org/tsconfig/
#isolatedModules
  
[0m[7m[1m[31m FAIL 
[39m[22m[27m[0m [2msrc/_
_tests__/[22m[1mpage.test.t
sx[22m
  Home Page
    [32mΓêÜ[39m 
[2mrenders generating form 
(407 ms)[22m
    [31m├ù[39m 
[2mgenerates emails 
successfully (358 ms)[22m
    [32mΓêÜ[39m 
[2mhandles invalid email 
(83 ms)[22m
    [32mΓêÜ[39m [2mpicks 
random email (205 ms)[22m
    [32mΓêÜ[39m [2mopens 
and closes settings modal 
(252 ms)[22m
    [32mΓêÜ[39m 
[2mshortcuts modal (46 
ms)[22m

[1m[31m  [1mΓùÅ 
[22m[1mHome Page ΓÇ║ 
generates emails 
successfully[39m[22m

    
TestingLibraryElementError: 
Found multiple elements with 
the text: 1

    Here are the matching 
elements:

    Ignored nodes: comments, 
script, style
    [36m<div[39m
      [33mclass[39m=[32m"t
ext-2xl sm:text-3xl 
md:text-4xl font-black 
mb-0.5 md:mb-1 text-black 
dark:text-white"[39m
    [36m>[39m
      [0m1[0m
    [36m</div>[39m

    Ignored nodes: comments, 
script, style
    [36m<div[39m
      [33mclass[39m=[32m"t
ext-2xl sm:text-3xl 
md:text-4xl font-black 
mb-0.5 md:mb-1 
text-green-700 
dark:text-green-500"[39m
    [36m>[39m
      [0m1[0m
    [36m</div>[39m

    Ignored nodes: comments, 
script, style
    [36m<span[39m
      
[33mclass[39m=[32m"ml-1 
sm:ml-2 text-[10px] 
sm:text-xs opacity-80"[39m
    [36m>[39m
      [0m1[0m
    [36m</span>[39m

    Ignored nodes: comments, 
script, style
    [36m<span[39m
      
[33mclass[39m=[32m"ml-1 
sm:ml-2 text-[10px] 
sm:text-xs opacity-80"[39m
    [36m>[39m
      [0m1[0m
    [36m</span>[39m

    Ignored nodes: comments, 
script, style
    [36m<span[39m
      [33mclass[39m=[32m"f
ont-black"[39m
    [36m>[39m
      [0m1[0m
    [36m</span>[39m

    Ignored nodes: comments, 
script, style
    [36m<span[39m
      [33mclass[39m=[32m"f
ont-black"[39m
    [36m>[39m
      [0m1[0m
    [36m</span>[39m

    Ignored nodes: comments, 
script, style
    [36m<span[39m
      [33mclass[39m=[32m"f
ont-black"[39m
    [36m>[39m
      [0m1[0m
    [36m</span>[39m

    (If this is intentional, 
then use the `*AllBy*` 
variant of the query (like 
`queryAllByText`, 
`getAllByText`, or 
`findAllByText`)).

    Ignored nodes: comments, 
script, style
    [36m<body>[39m
      [36m<div>[39m
        [36m<main[39m
          [33mclass[39m=[3
2m"min-h-screen p-4 md:p-6 
lg:p-8"[39m
        [36m>[39m
          [36m<div[39m
            
[33mclass[39m=[32m"fixed 
top-4 right-4 z-[100] 
animate-slide-down"[39m
          [36m>[39m
            [36m<div[39m
              
[33mclass[39m=[32m"px-6 
py-4 rounded-none border-3 
border-black shadow-[4px_4px_
0px_0px_rgba(0,0,0,1)] flex 
items-center gap-3 
bg-green-600 text-white"[39m
            [36m>[39m
              [36m<svg[39m
                
[33mclass[39m=[32m"w-5 
h-5"[39m
                [33mfill[39
m=[32m"none"[39m
                [33mstroke[
39m=[32m"currentColor"[39m
                
[33mviewBox[39m=[32m"0 0 
24 24"[39m
              [36m>[39m
                
[36m<path[39m
                  
[33md[39m=[32m"M5 13l4 
4L19 7"[39m
                  [33mstroke
-linecap[39m=[32m"round"[3
9m
                  [33mstroke
-linejoin[39m=[32m"round"[
39m
                  [33mstroke
-width[39m=[32m"3"[39m
                [36m/>[39m
              
[36m</svg>[39m
              [36m<span[39m
                [33mclass[3
9m=[32m"font-bold"[39m
              [36m>[39m
                
[0mGenerated 1 email 
variations![0m
              
[36m</span>[39m
            [36m</div>[39m
          [36m</div>[39m
          [36m<div[39m
            [33mclass[39m=
[32m"max-w-5xl mx-auto pt-4 
md:pt-8"[39m
          [36m>[39m
            [36m<header[39m
              
[33mclass[39m=[32m"mb-8 
md:mb-12 
animate-fade-in"[39m
            [36m>[39m
              [36m<div[39m
                
[33mclass[39m=[32m"flex 
justify-between items-center 
md:items-start gap-4"[39m
              [36m>[39m
                [36m<h1[39m
                  [33mclass
[39m=[32m"text-4xl 
sm:text-5xl md:text-7xl 
font-black tracking-tighter 
text-black dark:text-white dr
op-shadow-[4px_4px_0px_rgba(0
,0,0,0.2)] dark:drop-shadow-[
4px_4px_0px_rgba(255,255,255,
0.2)] break-words"[39m
                [36m>[39m
                  
[0memailku[0m
                  
[36m<span[39m
                    [33mclas
s[39m=[32m"text-[#3b82f6]"
[39m
                  [36m>[39m
                    [0m.[0m
                  
[36m</span>[39m
                
[36m</h1>[39m
                
[36m<div[39m
                  
[33mclass[39m=[32m"hidden 
md:flex flex-col md:flex-row 
items-start gap-6"[39m
                [36m>[39m
                  
[36m<div[39m
                    [33mclas
s[39m=[32m"inline-flex 
flex-wrap items-center gap-3 
px-5 py-3 bg-white 
dark:bg-slate-800 border-2 
border-black shadow-[4px_4px_
0px_0px_rgba(0,0,0,1)]"[39m
                  [36m>[39m
                    
[36m<span[39m
                      [33mcl
ass[39m=[32m"font-black 
text-black dark:text-white 
uppercase tracking-wide 
text-sm md:text-base"[39m
                    
[36m>[39m
                      
[0mGenerate unlimited email 
variations[0m
                    
[36m</span>[39m
                    
[36m<div[39m
                      
[33mclass[39m=[32m"h-6 
w-0.5 bg-black/20 
dark:bg-white/20 mx-1"[39m
                    
[36m/>[39m
                    
[36m<button[39m
                      [33mar
ia-label[39m=[32m"Show 
keyboard shortcuts"[39m
                      
[33mclass[39m=[32m"w-8 
h-8 flex shrink-0 
items-center justify-center 
bg-[#f59e0b] text-black 
font-black text-xl border-2 
border-black shadow-[2px_2px_
0px_0px_rgba(0,0,0,1)] 
hover:translate-x-[-1px] 
hover:translate-y-[-1px] 
active:translate-x-[1px] 
active:translate-y-[1px] 
active:shadow-none 
transition-all"[39m
                      [33mti
tle[39m=[32m"Keyboard 
shortcuts"[39m
                    
[36m>[39m
                      
[0m?[0m
                    
[36m</button>[39m
                    
[36m<button[39m
                      [33mar
ia-label[39m=[32m"Master 
Tag Settings"[39m
                      
[33mclass[39m=[32m"w-8 
h-8 flex shrink-0 
items-center justify-center 
bg-[#a855f7] text-white 
font-black text-xl border-2 
border-black shadow-[2px_2px_
0px_0px_rgba(0,0,0,1)] 
hover:translate-x-[-1px] 
hover:translate-y-[-1px] 
active:translate-x-[1px] 
active:translate-y-[1px] 
active:shadow-none 
transition-all"[39m
                      
[33mtitle[39m=[32m"Master 
Tag Settings"[39m
                    
[36m>[39m
                      
[36m<svg[39m
                        
[33mclass[39m=[32m"w-5 
h-5"[39m
                        [33m
fill[39m=[32m"none"[39m
                        [33m
stroke[39m=[32m"currentColo
r"[39m
                        
[33mviewBox[39m=[32m"0 0 
24 24"[39m
                      
[36m>[39m
                        
[36m<path[39m
                          
[33md[39m=[32m"M10.325 
4.317c.426-1.756 2.924-1.756 
3.35 0a1.724 1.724 0 002.573 
1.066c1.543-.94 3.31.826 
2.37 2.37a1.724 1.724 0 
001.065 2.572c1.756.426 
1.756 2.924 0 3.35a1.724 
1.724 0 00-1.066 2.573c.94 
1.543-.826 3.31-2.37 
2.37a1.724 1.724 0 00-2.572 
1.065c-.426 1.756-2.924 
1.756-3.35 0a1.724 1.724 0 00
-2.573-1.066c-1.543.94-3.31-.
826-2.37-2.37a1.724 1.724 0 0
0-1.065-2.572c-1.756-.426-1.7
56-2.924 0-3.35a1.724 1.724 
0 001.066-2.573c-.94-1.543.82
6-3.31 2.37-2.37.996.608 
2.296.07 2.572-1.065z"[39m
                          [3
3mstroke-linecap[39m=[32m"r
ound"[39m
                          [3
3mstroke-linejoin[39m=[32m"
round"[39m
                          [3
3mstroke-width[39m=[32m"3"
[39m
                        
[36m/>[39m
                        
[36m<path[39m
                          
[33md[39m=[32m"M15 12a3 3 
0 11-6 0 3 3 0 016 0z"[39m
                          [3
3mstroke-linecap[39m=[32m"r
ound"[39m
                          [3
3mstroke-linejoin[39m=[32m"
round"[39m
                          [3
3mstroke-width[39m=[32m"3"
[39m
                        
[36m/>[39m
                      
[36m</svg>[39m
                    
[36m</button>[39m
                  
[36m</div>[39m
                  
[36m<button[39m
                    [33maria
-label[39m=[32m"Toggle 
dark mode"[39m
                    
[33mclass[39m=[32m"p-3 
neo-btn bg-white 
dark:bg-slate-800 text-black 
dark:text-white shadow-[4px_4
px_0px_0px_rgba(0,0,0,1)]"[3
9m
                  [36m>[39m
                    
[36m<svg[39m
                      
[33mclass[39m=[32m"w-6 
h-6"[39m
                      [33mfi
ll[39m=[32m"none"[39m
                      [33mst
roke[39m=[32m"currentColor"
[39m
                      
[33mviewBox[39m=[32m"0 0 
24 24"[39m
                    
[36m>[39m
                      
[36m<path[39m
                        
[33md[39m=[32m"M20.354 
15.354A9 9 0 018.646 3.646 
9.003 9.003 0 0012 21a9.003 
9.003 0 008.354-5.646z"[39m
                        [33m
stroke-linecap[39m=[32m"rou
nd"[39m
                        [33m
stroke-linejoin[39m=[32m"ro
und"[39m
                        [33m
stroke-width[39m=[32m"3"[3
9m
                      
[36m/>[39m
                    
[36m</svg>[39m
                  
[36m</button>[39m
                
[36m</div>[39m
                
[36m<button[39m
                  [33maria-l
abel[39m=[32m"Toggle 
mobile menu"[39m
                  [33mclass
[39m=[32m"md:hidden p-2 
neo-btn bg-white 
dark:bg-slate-800 text-black 
dark:text-white"[39m
                [36m>[39m
                  
[36m<svg[39m
                    
[33mclass[39m=[32m"w-8 
h-8"[39m
                    [33mfill
[39m=[32m"none"[39m
              ...
[2m[22m
[2m    [0m [90m 89 |[39m 
        [90m// Check 
Stats[39m[22m
[2m     [90m 90 |[39m     
    expect(screen[33m.[39mg
etByText([32m'TOTAL'[39m))
[33m.[39mtoBeInTheDocument()
[22m
[2m    [31m[1m>[22m[2m[
39m[90m 91 |[39m         ex
pect(screen[33m.[39mgetByTe
xt([32m'1'[39m))[33m.[39m
toBeInTheDocument() [90m// 
Value[39m[22m
[2m     [90m    |[39m     
                  
[31m[1m^[22m[2m[39m[22m
[2m     [90m 92 |[39m     
})[22m
[2m     [90m 93 |[39m[22m
[2m     [90m 94 |[39m     
test([32m'handles invalid 
email'[39m[33m,[39m () 
[33m=>[39m {[0m[22m
[2m[22m
[2m      [2mat 
Object.getElementError ([22m
[2mnode_modules/@testing-lib
rary/dom/dist/config.js[2m:3
7:19)[22m[2m[22m
[2m      [2mat 
getElementError ([22m[2mnod
e_modules/@testing-library/do
m/dist/query-helpers.js[2m:2
0:35)[22m[2m[22m
[2m      [2mat getMultipleE
lementsFoundError ([22m[2mn
ode_modules/@testing-library/
dom/dist/query-helpers.js[2m
:23:10)[22m[2m[22m
[2m      [2mat [22m[2mnod
e_modules/@testing-library/do
m/dist/query-helpers.js[2m:5
5:13[22m[2m[22m
[2m      [2mat [22m[2mnod
e_modules/@testing-library/do
m/dist/query-helpers.js[2m:9
5:19[22m[2m[22m
[2m      [2mat [22m[2m[0
m[36msrc/__tests__/page.test
.tsx[39m[0m[2m:91:23[22m
[2m[22m
[2m      [2mat fulfilled (
[22m[2m[0m[36msrc/__tests_
_/page.test.tsx[39m[0m[2m:
5:58)[22m[2m[22m

[1mTest Suites: 
[22m[1m[31m1 
failed[39m[22m, 1 total
[1mTests:       
[22m[1m[31m1 
failed[39m[22m, [1m[32m5 
passed[39m[22m, 6 total
[1mSnapshots:   [22m0 total
[1mTime:[22m        
[1m[33m6.236 s[39m[22m
[2mRan all test 
suites[22m[2m matching [22
msrc/__tests__/page.test.tsx
[2m.[22m
